<html>
<body>
<pre>
<h1>µVision Build Log</h1>
<h2>Project:</h2>
C:\Users\ADMIN\Dropbox\IoTFetel\Zigbee\MDK-ARM\Zigbee.uvprojx
Project File Date:  05/31/2017

<h2>Output:</h2>
Build target 'Zigbee'
compiling main.c...
../Inc/i2c.h(5): warning:  #1295-D: Deprecated declaration scan_address - give arg types
  uint8_t scan_address();
../Inc/i2c.h(8): warning:  #1-D: last line of file ends without a newline
  #endif
../Src/main.c: 2 warnings, 0 errors
linking...
Program Size: Code=6712 RO-data=284 RW-data=16 ZI-data=1152  
"Zigbee\Zigbee.axf" - 0 Error(s), 2 Warning(s).

<h2>Software Packages used:</h2>

Package Vendor: ARM
                http://www.keil.com/pack/ARM.CMSIS.4.1.0.pack
                ARM::CMSIS:CORE:3.30.0
                CMSIS (Cortex Microcontroller Software Interface Standard)
   * Component: CORE Version: 3.30.0

<h2>Collection of Component include folders:</h2>
  C:\Users\ADMIN\Dropbox\IoTFetel\Zigbee\MDK-ARM\RTE
  C:\Keil_v5\ARM\PACK\ARM\CMSIS\4.1.0\CMSIS\Include
  C:\Keil_v5\ARM\PACK\Keil\STM32F1xx_DFP\2.0.0

<h2>Collection of Component Files used:</h2>

   * Component: ARM::CMSIS:CORE:3.30.0
      Source file:   CMSIS\UserCodeTemplates\ARM\ITM_Retarget.c
Load "Zigbee\\Zigbee.axf" 
Erase Done.
Programming Done.
Verify OK.
Application running ...
</pre>
</body>
</html>
.c...
compiling stm32f1xx_hal_rcc_ex.c...
linking...
Program Size: Code=7732 RO-data=284 RW-data=12 ZI-data=1148  
"Zigbee\Zigbee.axf" - 0 Error(s), 5 Warning(s).

<h2>Software Packages used:</h2>

Package Vendor: ARM
                http://www.keil.com/pack/ARM.CMSIS.4.1.0.pack
                ARM::CMSIS:CORE:3.30.0
                CMSIS (Cortex Microcontroller Software Interface Standard)
   * Component: CORE Version: 3.30.0

<h2>Collection of Component include folders:</h2>
  C:\Users\ADMIN\Dropbox\IoTFetel\Zigbee\MDK-ARM\RTE
  C:\Keil_v5\ARM\PACK\ARM\CMSIS\4.1.0\CMSIS\Include
  C:\Keil_v5\ARM\PACK\Keil\STM32F1xx_DFP\2.0.0

<h2>Collection of Component Files used:</h2>

   * Component: ARM::CMSIS:CORE:3.30.0
      Source file:   CMSIS\UserCodeTemplates\ARM\ITM_Retarget.c
Load "Zigbee\\Zigbee.axf" 
Erase Done.
Programming Done.
Verify OK.
Application running ...
S:CORE:3.30.0
      Source file:   CMSIS\UserCodeTemplates\ARM\ITM_Retarget.c
Target not created
